// Jest Snapshot v1, https://goo.gl/fbAQLP

exports[`header renders a Dog 1`] = `
<header
  style={
    Object {
      "display": "flex",
      "height": "2em",
      "justifyContent": "space-between",
      "padding": "1em",
    }
  }
>
  <img
    src="/path/to/image"
    style={
      Object {
        "height": "100%",
      }
    }
  />
  <h1
    style={
      Object {
        "margin": 0,
      }
    }
  >
    My Dogs
  </h1>
</header>
`;
